// Jest Snapshot v1, https://goo.gl/fbAQLP

exports[`Congrats component matches snapshot 1`] = `
<div
  data-test="congrats-component"
/>
`;
